../Core/Src/acc_integration_stm32.c:51:20:disable_interrupts	4	static,ignoring_inline_asm
../Core/Src/acc_integration_stm32.c:59:20:enable_interrupts	4	static,ignoring_inline_asm
../Core/Src/acc_integration_stm32.c:67:6:acc_integration_sleep_ms	16	static
../Core/Src/acc_integration_stm32.c:73:6:acc_integration_sleep_us	24	static
../Core/Src/acc_integration_stm32.c:81:6:acc_integration_set_lowest_power_state	16	static
../Core/Src/acc_integration_stm32.c:87:13:acc_integration_start_uart_rx_dma	8	static
../Core/Src/acc_integration_stm32.c:106:13:USART_Handle_RTO	16	static
../Core/Src/acc_integration_stm32.c:127:6:HAL_UART_ErrorCallback	16	static
../Core/Src/acc_integration_stm32.c:147:6:HAL_UART_TxCpltCallback	16	static
../Core/Src/acc_integration_stm32.c:155:6:acc_integration_uart_register_read_callback	16	static
../Core/Src/acc_integration_stm32.c:169:10:acc_integration_get_max_uart_baudrate	4	static
../Core/Src/acc_integration_stm32.c:175:6:acc_integration_uart_set_baudrate	16	static
../Core/Src/acc_integration_stm32.c:192:6:acc_integration_uart_write_buffer	24	static,ignoring_inline_asm
../Core/Src/acc_integration_stm32.c:233:9:acc_integration_uart_get_error_count	4	static
../Core/Src/acc_integration_stm32.c:239:6:acc_integration_enable_irq	16	static
../Core/Src/acc_integration_stm32.c:245:6:acc_integration_is_sensor_interrupt_active	8	static
../Core/Src/acc_integration_stm32.c:251:6:acc_integration_signal_message	4	static
../Core/Src/acc_integration_stm32.c:257:6:acc_integration_wait_for_message	24	static,ignoring_inline_asm
../Core/Src/acc_integration_stm32.c:280:10:acc_integration_get_time	8	static
../Core/Src/acc_integration_stm32.c:286:7:acc_integration_mem_alloc	16	static
../Core/Src/acc_integration_stm32.c:292:7:acc_integration_mem_calloc	16	static
../Core/Src/acc_integration_stm32.c:298:6:acc_integration_mem_free	16	static
